[htmldemo.net/presiden/presiden/index.html]
[backblue.gif]
[fade.gif]
[index.html]
[htmldemo.net/presiden/presiden/assets/img/favicon.ico]
[htmldemo.net/presiden/presiden/assets/css/bootstrap.min.css]
[htmldemo.net/presiden/presiden/assets/css/owl.carousel.min.css]
[htmldemo.net/presiden/presiden/assets/css/slick.css]
[htmldemo.net/presiden/presiden/assets/css/magnific-popup.css]
[htmldemo.net/presiden/presiden/assets/css/font.awesome.css]
[htmldemo.net/presiden/presiden/assets/css/ionicons.min.css]
[htmldemo.net/presiden/presiden/assets/css/material.design.min.css]
[htmldemo.net/presiden/presiden/assets/css/animate.css]
[htmldemo.net/presiden/presiden/assets/css/jquery-ui.min.css]
[htmldemo.net/presiden/presiden/assets/css/slinky.menu.css]
[htmldemo.net/presiden/presiden/assets/css/plugins.css]
[htmldemo.net/presiden/presiden/assets/js/vendor/modernizr-3.7.1.min.js]
[htmldemo.net/presiden/presiden/assets/css/style.css]
[htmldemo.net/presiden/presiden/assets/img/icon/icon-search.png]
[htmldemo.net/presiden/presiden/assets/img/icon/icon-account.png]
[htmldemo.net/presiden/presiden/my-account.html]
[htmldemo.net/presiden/presiden/cart.html]
[htmldemo.net/presiden/presiden/checkout.html]
[htmldemo.net/presiden/presiden/assets/img/icon/language.png]
[htmldemo.net/presiden/presiden/assets/img/icon/language2.png]
[htmldemo.net/presiden/presiden/assets/img/icon/icon-cart.png]
[htmldemo.net/presiden/presiden/assets/img/s-product/product.jpg]
[htmldemo.net/presiden/presiden/assets/img/s-product/product2.jpg]
[htmldemo.net/presiden/presiden/index-2.html]
[htmldemo.net/presiden/presiden/index-3.html]
[htmldemo.net/presiden/presiden/index-4.html]
[htmldemo.net/presiden/presiden/index-5.html]
[htmldemo.net/presiden/presiden/index-7.html]
[htmldemo.net/presiden/presiden/index-6.html]
[htmldemo.net/presiden/presiden/index-9.html]
[htmldemo.net/presiden/presiden/index-8.html]
[htmldemo.net/presiden/presiden/index-10.html]
[htmldemo.net/presiden/presiden/shop.html]
[htmldemo.net/presiden/presiden/shop-fullwidth.html]
[htmldemo.net/presiden/presiden/shop-fullwidth-list.html]
[htmldemo.net/presiden/presiden/shop-right-sidebar.html]
[htmldemo.net/presiden/presiden/shop-right-sidebar-list.html]
[htmldemo.net/presiden/presiden/wishlist.html]
[htmldemo.net/presiden/presiden/404.html]
[htmldemo.net/presiden/presiden/product-details.html]
[htmldemo.net/presiden/presiden/shop-list.html]
[htmldemo.net/presiden/presiden/product-grouped.html]
[htmldemo.net/presiden/presiden/product-sidebar.html]
[htmldemo.net/presiden/presiden/variable-product.html]
[htmldemo.net/presiden/presiden/blog.html]
[htmldemo.net/presiden/presiden/blog-details.html]
[htmldemo.net/presiden/presiden/blog-fullwidth.html]
[htmldemo.net/presiden/presiden/about.html]
[htmldemo.net/presiden/presiden/blog-sidebar.html]
[htmldemo.net/presiden/presiden/services.html]
[htmldemo.net/presiden/presiden/faq.html]
[htmldemo.net/presiden/presiden/contact.html]
[htmldemo.net/presiden/presiden/login.html]
[htmldemo.net/presiden/presiden/assets/img/logo/logo.png]
[htmldemo.net/presiden/presiden/assets/img/slider/slider1.jpg]
[htmldemo.net/presiden/presiden/assets/img/slider/slider2.jpg]
[htmldemo.net/presiden/presiden/assets/img/bg/banner1.jpg]
[htmldemo.net/presiden/presiden/assets/img/bg/banner2.jpg]
[htmldemo.net/presiden/presiden/assets/img/bg/banner3.jpg]
[htmldemo.net/presiden/presiden/assets/img/bg/banner4.jpg]
[htmldemo.net/presiden/presiden/assets/img/product/product1.jpg]
[htmldemo.net/presiden/presiden/assets/img/product/product2.jpg]
[htmldemo.net/presiden/presiden/assets/img/product/product3.jpg]
[htmldemo.net/presiden/presiden/assets/img/product/product4.jpg]
[htmldemo.net/presiden/presiden/assets/img/product/product5.jpg]
[htmldemo.net/presiden/presiden/assets/img/product/product6.jpg]
[htmldemo.net/presiden/presiden/assets/img/product/product7.jpg]
[htmldemo.net/presiden/presiden/assets/img/product/product8.jpg]
[htmldemo.net/presiden/presiden/assets/img/product/product9.jpg]
[htmldemo.net/presiden/presiden/assets/img/product/product10.jpg]
[htmldemo.net/presiden/presiden/assets/img/product/product11.jpg]
[htmldemo.net/presiden/presiden/assets/img/product/product12.jpg]
[htmldemo.net/presiden/presiden/assets/img/bg/banner5.jpg]
[htmldemo.net/presiden/presiden/assets/img/blog/blog1.jpg]
[htmldemo.net/presiden/presiden/assets/img/blog/blog2.jpg]
[htmldemo.net/presiden/presiden/assets/img/blog/blog3.jpg]
[htmldemo.net/presiden/presiden/assets/img/brand/brand1.png]
[htmldemo.net/presiden/presiden/assets/img/brand/brand2.png]
[htmldemo.net/presiden/presiden/assets/img/brand/brand3.png]
[htmldemo.net/presiden/presiden/assets/img/brand/brand4.png]
[htmldemo.net/presiden/presiden/assets/img/brand/brand5.png]
[htmldemo.net/presiden/presiden/assets/img/logo/logo2.png]
[htmldemo.net/presiden/presiden/assets/img/icon/paypal.jpg]
[htmldemo.net/presiden/presiden/assets/img/icon/paypal1.jpg]
[htmldemo.net/presiden/presiden/assets/img/icon/paypal2.jpg]
[htmldemo.net/presiden/presiden/assets/img/icon/paypal3.jpg]
[htmldemo.net/presiden/presiden/assets/img/icon/paypal4.jpg]
[htmldemo.net/presiden/presiden/assets/img/icon/paypal5.jpg]
[htmldemo.net/presiden/presiden/assets/img/product/productbig1.jpg]
[htmldemo.net/presiden/presiden/assets/img/product/productbig2.jpg]
[htmldemo.net/presiden/presiden/assets/img/product/productbig3.jpg]
[htmldemo.net/presiden/presiden/assets/img/product/productbig4.jpg]
[htmldemo.net/presiden/presiden/assets/js/vendor/jquery-3.4.1.min.js]
[htmldemo.net/presiden/presiden/assets/js/popper.js]
[htmldemo.net/presiden/presiden/assets/js/owl.carousel.min.js]
[htmldemo.net/presiden/presiden/assets/js/bootstrap.min.js]
[htmldemo.net/presiden/presiden/assets/js/slick.min.js]
[htmldemo.net/presiden/presiden/assets/js/jquery.magnific-popup.min.js]
[htmldemo.net/presiden/presiden/assets/js/jquery.counterup.min.js]
[htmldemo.net/presiden/presiden/assets/js/jquery.countdown.js]
[htmldemo.net/presiden/presiden/assets/js/jquery.ui.js]
[htmldemo.net/presiden/presiden/assets/js/jquery.elevatezoom.js]
[htmldemo.net/presiden/presiden/assets/js/isotope.pkgd.min.js]
[htmldemo.net/presiden/presiden/assets/js/slinky.menu.js]
[htmldemo.net/presiden/presiden/assets/js/plugins.js]
[htmldemo.net/presiden/presiden/index.html]
[htmldemo.net/presiden/presiden/assets/css/bootstrap.min.css]
[htmldemo.net/presiden/presiden/assets/js/main.js]
[htmldemo.net/presiden/presiden/assets/img/icon/owl.video.play.png]
[htmldemo.net/presiden/presiden/assets/css/owl.carousel.min.css]
[htmldemo.net/presiden/presiden/assets/css/slick.css]
[htmldemo.net/presiden/presiden/assets/css/magnific-popup.css]
[htmldemo.net/presiden/presiden/assets/fonts/fontawesome-webfont3e6e.woff2]
[htmldemo.net/presiden/presiden/assets/fonts/fontawesome-webfont3e6e.eot]
[htmldemo.net/presiden/presiden/assets/fonts/fontawesome-webfontd41d.eot]
[htmldemo.net/presiden/presiden/assets/fonts/fontawesome-webfont3e6e.woff]
[htmldemo.net/presiden/presiden/assets/fonts/fontawesome-webfont3e6e.ttf]
[htmldemo.net/presiden/presiden/assets/css/font.awesome.css]
[htmldemo.net/presiden/presiden/assets/fonts/ionicons28b5.ttf]
[htmldemo.net/presiden/presiden/assets/fonts/ionicons28b5.eot]
[htmldemo.net/presiden/presiden/assets/fonts/fontawesome-webfont3e6e.svg]
[htmldemo.net/presiden/presiden/assets/fonts/ionicons28b5.woff]
[htmldemo.net/presiden/presiden/assets/css/ionicons.min.css]
[htmldemo.net/presiden/presiden/assets/fonts/Material-Design-Iconic-Fontd1f1.woff2]
[htmldemo.net/presiden/presiden/assets/fonts/ionicons28b5.svg]
[htmldemo.net/presiden/presiden/assets/fonts/Material-Design-Iconic-Fontd1f1.woff]
[htmldemo.net/presiden/presiden/assets/fonts/Material-Design-Iconic-Fontd1f1.ttf]
[htmldemo.net/presiden/presiden/assets/css/material.design.min.css]
[htmldemo.net/presiden/presiden/assets/css/animate.css]
[htmldemo.net/presiden/presiden/assets/css/jquery-ui.min.css]
[htmldemo.net/presiden/presiden/assets/css/slinky.menu.css]
[htmldemo.net/presiden/presiden/assets/css/plugins.css]
[htmldemo.net/presiden/presiden/assets/img/bg/banner10.jpg]
[htmldemo.net/presiden/presiden/assets/img/icon/bkg_grid.png]
[htmldemo.net/presiden/presiden/assets/img/icon/bkg_grid_hover.png]
[htmldemo.net/presiden/presiden/assets/img/icon/bkg_grid4.png]
[htmldemo.net/presiden/presiden/assets/img/icon/bkg_grid4_hover.png]
[htmldemo.net/presiden/presiden/assets/img/icon/bkg_list.png]
[htmldemo.net/presiden/presiden/assets/img/icon/bkg_list_hover.png]
[htmldemo.net/presiden/presiden/assets/img/bg/banner12.jpg]
[htmldemo.net/presiden/presiden/assets/css/style.css]
[htmldemo.net/presiden/presiden/assets/img/brand/brand6.png]
[htmldemo.net/presiden/presiden/my-account.html]
[htmldemo.net/presiden/presiden/assets/img/s-product/product3.jpg]
[htmldemo.net/presiden/presiden/cart.html]
[htmldemo.net/presiden/presiden/assets/img/icon/papyel.png]
[htmldemo.net/presiden/presiden/checkout.html]
[htmldemo.net/presiden/presiden/assets/img/icon/icon-search2.png]
[htmldemo.net/presiden/presiden/assets/img/icon/icon-account2.png]
[htmldemo.net/presiden/presiden/assets/img/icon/icon-cart2.png]
[htmldemo.net/presiden/presiden/assets/img/slider/slider3.jpg]
[htmldemo.net/presiden/presiden/assets/img/slider/slider4.jpg]
[htmldemo.net/presiden/presiden/assets/img/product/product13.jpg]
[htmldemo.net/presiden/presiden/assets/img/product/product14.jpg]
[htmldemo.net/presiden/presiden/assets/img/product/product15.jpg]
[htmldemo.net/presiden/presiden/assets/img/product/product16.jpg]
[htmldemo.net/presiden/presiden/assets/img/product/product17.jpg]
[htmldemo.net/presiden/presiden/assets/img/product/product18.jpg]
[htmldemo.net/presiden/presiden/assets/img/product/product19.jpg]
[htmldemo.net/presiden/presiden/assets/img/product/product20.jpg]
[htmldemo.net/presiden/presiden/assets/img/product/product21.jpg]
[htmldemo.net/presiden/presiden/assets/img/product/product22.jpg]
[htmldemo.net/presiden/presiden/assets/img/product/product23.jpg]
[htmldemo.net/presiden/presiden/assets/img/product/product26.jpg]
[htmldemo.net/presiden/presiden/assets/img/product/product24.jpg]
[htmldemo.net/presiden/presiden/assets/img/product/product25.jpg]
[htmldemo.net/presiden/presiden/assets/img/bg/banner6.jpg]
[htmldemo.net/presiden/presiden/assets/img/bg/banner7.jpg]
[htmldemo.net/presiden/presiden/assets/img/bg/banner8.jpg]
[htmldemo.net/presiden/presiden/assets/img/bg/banner9.jpg]
[htmldemo.net/presiden/presiden/assets/img/about/testimonial1.jpg]
[htmldemo.net/presiden/presiden/assets/img/about/testimonial2.jpg]
[htmldemo.net/presiden/presiden/assets/img/about/testimonial3.jpg]
[htmldemo.net/presiden/presiden/assets/img/blog/blog4.jpg]
[htmldemo.net/presiden/presiden/assets/img/blog/blog5.jpg]
[htmldemo.net/presiden/presiden/assets/img/blog/blog6.jpg]
[htmldemo.net/presiden/presiden/index-2.html]
[htmldemo.net/presiden/presiden/assets/img/slider/slider5.jpg]
[htmldemo.net/presiden/presiden/assets/img/slider/slider6.jpg]
[htmldemo.net/presiden/presiden/assets/img/bg/banner14.jpg]
[htmldemo.net/presiden/presiden/assets/img/bg/banner11.jpg]
[htmldemo.net/presiden/presiden/assets/img/bg/banner13.jpg]
[htmldemo.net/presiden/presiden/assets/img/product/product27.jpg]
[htmldemo.net/presiden/presiden/assets/img/product/product28.jpg]
[htmldemo.net/presiden/presiden/assets/img/product/product29.jpg]
[htmldemo.net/presiden/presiden/assets/img/product/product30.jpg]
[htmldemo.net/presiden/presiden/assets/img/product/product31.jpg]
[htmldemo.net/presiden/presiden/assets/img/product/product32.jpg]
[htmldemo.net/presiden/presiden/assets/img/product/product33.jpg]
[htmldemo.net/presiden/presiden/assets/img/product/product34.jpg]
[htmldemo.net/presiden/presiden/assets/img/product/product35.jpg]
[htmldemo.net/presiden/presiden/assets/img/product/product36.jpg]
[htmldemo.net/presiden/presiden/assets/img/product/product37.jpg]
[htmldemo.net/presiden/presiden/assets/img/product/product38.jpg]
[htmldemo.net/presiden/presiden/assets/img/product/product39.jpg]
[htmldemo.net/presiden/presiden/assets/img/product/product40.jpg]
[htmldemo.net/presiden/presiden/assets/img/bg/banner15.jpg]
[htmldemo.net/presiden/presiden/index-3.html]
[htmldemo.net/presiden/presiden/assets/img/slider/slider7.jpg]
[htmldemo.net/presiden/presiden/assets/img/slider/slider8.jpg]
[htmldemo.net/presiden/presiden/assets/img/bg/banner16.jpg]
[htmldemo.net/presiden/presiden/assets/img/bg/banner17.jpg]
[htmldemo.net/presiden/presiden/assets/img/bg/banner18.jpg]
[htmldemo.net/presiden/presiden/assets/img/bg/banner19.jpg]
[htmldemo.net/presiden/presiden/assets/img/product/product41.jpg]
[htmldemo.net/presiden/presiden/assets/img/product/product42.jpg]
[htmldemo.net/presiden/presiden/assets/img/product/product43.jpg]
[htmldemo.net/presiden/presiden/assets/img/product/product44.jpg]
[htmldemo.net/presiden/presiden/assets/img/product/product45.jpg]
[htmldemo.net/presiden/presiden/assets/img/product/product46.jpg]
[htmldemo.net/presiden/presiden/assets/img/product/product47.jpg]
[htmldemo.net/presiden/presiden/assets/img/product/product48.jpg]
[htmldemo.net/presiden/presiden/assets/img/product/product49.jpg]
[htmldemo.net/presiden/presiden/assets/img/bg/banner20.jpg]
[htmldemo.net/presiden/presiden/index-4.html]
[htmldemo.net/presiden/presiden/assets/img/slider/slider9.jpg]
[htmldemo.net/presiden/presiden/assets/img/slider/slider10.jpg]
[htmldemo.net/presiden/presiden/assets/img/product/product50.jpg]
[htmldemo.net/presiden/presiden/assets/img/product/product51.jpg]
[htmldemo.net/presiden/presiden/assets/img/product/product53.jpg]
[htmldemo.net/presiden/presiden/assets/img/product/product54.jpg]
[htmldemo.net/presiden/presiden/assets/img/product/product55.jpg]
[htmldemo.net/presiden/presiden/assets/img/product/product56.jpg]
[htmldemo.net/presiden/presiden/assets/img/product/product57.jpg]
[htmldemo.net/presiden/presiden/assets/img/product/product58.jpg]
[htmldemo.net/presiden/presiden/assets/img/product/product59.jpg]
[htmldemo.net/presiden/presiden/assets/img/product/product60.jpg]
[htmldemo.net/presiden/presiden/assets/img/product/product61.jpg]
[htmldemo.net/presiden/presiden/assets/img/product/product62.jpg]
[htmldemo.net/presiden/presiden/assets/img/product/product63.jpg]
[htmldemo.net/presiden/presiden/index-5.html]
[htmldemo.net/presiden/presiden/assets/img/slider/slider11.jpg]
[htmldemo.net/presiden/presiden/assets/img/slider/slider12.jpg]
[htmldemo.net/presiden/presiden/assets/img/bg/banner21.jpg]
[htmldemo.net/presiden/presiden/assets/img/bg/banner22.jpg]
[htmldemo.net/presiden/presiden/assets/img/product/product64.jpg]
[htmldemo.net/presiden/presiden/assets/img/product/product65.jpg]
[htmldemo.net/presiden/presiden/assets/img/product/product66.jpg]
[htmldemo.net/presiden/presiden/assets/img/product/product67.jpg]
[htmldemo.net/presiden/presiden/assets/img/product/product68.jpg]
[htmldemo.net/presiden/presiden/assets/img/product/product69.jpg]
[htmldemo.net/presiden/presiden/assets/img/bg/banner23.jpg]
[htmldemo.net/presiden/presiden/assets/img/product/product70.jpg]
[htmldemo.net/presiden/presiden/assets/img/product/product71.jpg]
[htmldemo.net/presiden/presiden/index-6.html]
[htmldemo.net/presiden/presiden/assets/img/slider/slider13.jpg]
[htmldemo.net/presiden/presiden/assets/img/slider/slider14.jpg]
[htmldemo.net/presiden/presiden/assets/img/bg/banner24.jpg]
[htmldemo.net/presiden/presiden/assets/img/product/product72.jpg]
[htmldemo.net/presiden/presiden/assets/img/product/product73.jpg]
[htmldemo.net/presiden/presiden/assets/img/product/product75.jpg]
[htmldemo.net/presiden/presiden/assets/img/product/product74.jpg]
[htmldemo.net/presiden/presiden/assets/img/product/product77.jpg]
[htmldemo.net/presiden/presiden/assets/img/product/product76.jpg]
[htmldemo.net/presiden/presiden/assets/img/product/product78.jpg]
[htmldemo.net/presiden/presiden/assets/img/product/product79.jpg]
[htmldemo.net/presiden/presiden/assets/img/product/product80.jpg]
[htmldemo.net/presiden/presiden/assets/img/product/product81.jpg]
[htmldemo.net/presiden/presiden/assets/img/product/product82.jpg]
[htmldemo.net/presiden/presiden/assets/img/product/product83.jpg]
[htmldemo.net/presiden/presiden/assets/img/bg/banner26.jpg]
[htmldemo.net/presiden/presiden/assets/img/bg/banner25.jpg]
[htmldemo.net/presiden/presiden/assets/img/bg/banner27.jpg]
[htmldemo.net/presiden/presiden/assets/img/product/product84.jpg]
[htmldemo.net/presiden/presiden/assets/img/bg/banner28.jpg]
[htmldemo.net/presiden/presiden/assets/img/blog/blog7.jpg]
[htmldemo.net/presiden/presiden/assets/img/blog/blog8.jpg]
[htmldemo.net/presiden/presiden/index-7.html]
[htmldemo.net/presiden/presiden/assets/img/slider/slider15.jpg]
[htmldemo.net/presiden/presiden/assets/img/slider/slider16.jpg]
[htmldemo.net/presiden/presiden/assets/img/bg/banner29.jpg]
[htmldemo.net/presiden/presiden/assets/img/bg/banner30.jpg]
[htmldemo.net/presiden/presiden/assets/img/bg/banner31.jpg]
[htmldemo.net/presiden/presiden/assets/img/bg/banner32.jpg]
[htmldemo.net/presiden/presiden/assets/img/bg/banner33.jpg]
[htmldemo.net/presiden/presiden/index-8.html]
[htmldemo.net/presiden/presiden/assets/img/slider/slider17.jpg]
[htmldemo.net/presiden/presiden/assets/img/slider/slider18.jpg]
[htmldemo.net/presiden/presiden/assets/img/bg/banner34.jpg]
[htmldemo.net/presiden/presiden/assets/img/bg/banner35.jpg]
[htmldemo.net/presiden/presiden/assets/img/bg/banner36.jpg]
[htmldemo.net/presiden/presiden/assets/img/product/product85.jpg]
[htmldemo.net/presiden/presiden/assets/img/product/product86.jpg]
[htmldemo.net/presiden/presiden/assets/img/product/product87.jpg]
[htmldemo.net/presiden/presiden/assets/img/product/product88.jpg]
[htmldemo.net/presiden/presiden/assets/img/product/product89.jpg]
[htmldemo.net/presiden/presiden/assets/img/product/product90.jpg]
[htmldemo.net/presiden/presiden/assets/img/product/product91.jpg]
[htmldemo.net/presiden/presiden/assets/img/product/product92.jpg]
[htmldemo.net/presiden/presiden/assets/img/product/product93.jpg]
[htmldemo.net/presiden/presiden/assets/img/product/product94.jpg]
[htmldemo.net/presiden/presiden/assets/img/product/product95.jpg]
[htmldemo.net/presiden/presiden/assets/img/product/product96.jpg]
[htmldemo.net/presiden/presiden/assets/img/product/product97.jpg]
[htmldemo.net/presiden/presiden/assets/img/product/product98.jpg]
[htmldemo.net/presiden/presiden/assets/img/product/product99.jpg]
[htmldemo.net/presiden/presiden/assets/img/product/product100.jpg]
[htmldemo.net/presiden/presiden/assets/img/bg/banner37.jpg]
[htmldemo.net/presiden/presiden/index-9.html]
[htmldemo.net/presiden/presiden/assets/img/slider/slider19.jpg]
[htmldemo.net/presiden/presiden/assets/img/slider/slider20.jpg]
[htmldemo.net/presiden/presiden/assets/img/product/product101.jpg]
[htmldemo.net/presiden/presiden/assets/img/product/product102.jpg]
[htmldemo.net/presiden/presiden/assets/img/product/product103.jpg]
[htmldemo.net/presiden/presiden/assets/img/product/product104.jpg]
[htmldemo.net/presiden/presiden/assets/img/product/product105.jpg]
[htmldemo.net/presiden/presiden/assets/img/product/product106.jpg]
[htmldemo.net/presiden/presiden/assets/img/product/product107.jpg]
[htmldemo.net/presiden/presiden/assets/img/product/product108.jpg]
[htmldemo.net/presiden/presiden/assets/img/product/product109.jpg]
[htmldemo.net/presiden/presiden/assets/img/product/product110.jpg]
[htmldemo.net/presiden/presiden/index-10.html]
[htmldemo.net/presiden/presiden/shop.html]
[htmldemo.net/presiden/presiden/shop-fullwidth.html]
[htmldemo.net/presiden/presiden/shop-fullwidth-list.html]
[htmldemo.net/presiden/presiden/shop-right-sidebar.html]
[htmldemo.net/presiden/presiden/shop-right-sidebar-list.html]
[htmldemo.net/presiden/presiden/shop-list.html]
[htmldemo.net/presiden/presiden/wishlist.html]
[htmldemo.net/presiden/presiden/404.html]
[htmldemo.net/presiden/presiden/assets/img/blog/comment2.jpg]
[htmldemo.net/presiden/presiden/product-details.html]
[htmldemo.net/presiden/presiden/product-sidebar.html]
[htmldemo.net/presiden/presiden/product-grouped.html]
[htmldemo.net/presiden/presiden/variable-product.html]
[htmldemo.net/presiden/presiden/assets/img/blog/blogpage6.jpg]
[htmldemo.net/presiden/presiden/assets/img/blog/blogpage5.jpg]
[htmldemo.net/presiden/presiden/assets/img/blog/blogpage4.jpg]
[htmldemo.net/presiden/presiden/assets/img/blog/blogpage3.jpg]
[htmldemo.net/presiden/presiden/assets/img/blog/blogpage2.jpg]
[htmldemo.net/presiden/presiden/assets/img/blog/blogpage1.jpg]
[htmldemo.net/presiden/presiden/assets/img/blog/comment2.png.jpg]
[htmldemo.net/presiden/presiden/assets/img/blog/blog12.jpg]
[htmldemo.net/presiden/presiden/assets/img/blog/blog13.jpg]
[htmldemo.net/presiden/presiden/assets/img/blog/blog14.jpg]
[htmldemo.net/presiden/presiden/assets/img/blog/blog15.jpg]
[htmldemo.net/presiden/presiden/blog.html]
[htmldemo.net/presiden/presiden/assets/img/blog/blog-big1.jpg]
[htmldemo.net/presiden/presiden/assets/img/blog/comment3.png.jpg]
[htmldemo.net/presiden/presiden/blog-details.html]
[htmldemo.net/presiden/presiden/assets/img/blog/blog-big2.jpg]
[htmldemo.net/presiden/presiden/assets/img/blog/blog-big3.jpg]
[htmldemo.net/presiden/presiden/assets/img/blog/blog-big4.jpg]
[htmldemo.net/presiden/presiden/blog-fullwidth.html]
[htmldemo.net/presiden/presiden/blog-sidebar.html]
[htmldemo.net/presiden/presiden/assets/img/about/about1.jpg]
[htmldemo.net/presiden/presiden/assets/img/about/count.png]
[htmldemo.net/presiden/presiden/assets/img/about/count2.png]
[htmldemo.net/presiden/presiden/assets/img/about/count3.png]
[htmldemo.net/presiden/presiden/assets/img/about/count4.png]
[htmldemo.net/presiden/presiden/assets/img/about/about2.jpg]
[htmldemo.net/presiden/presiden/about.html]
[htmldemo.net/presiden/presiden/assets/img/service/services1.jpg]
[htmldemo.net/presiden/presiden/assets/img/service/services2.jpg]
[htmldemo.net/presiden/presiden/assets/img/service/services3.jpg]
[htmldemo.net/presiden/presiden/assets/img/service/services4.jpg]
[htmldemo.net/presiden/presiden/services.html]
[htmldemo.net/presiden/presiden/faq.html]
[htmldemo.net/presiden/presiden/contact.html]
[htmldemo.net/presiden/presiden/login.html]
[htmldemo.net/presiden/presiden/assets/fonts/fontawesome-webfont3e6e.svg]
[htmldemo.net/presiden/presiden/assets/fonts/ionicons28b5.svg]
[htmldemo.net/presiden/presiden/assets/js/map.js]
